
> accio-react-vite-base@0.1.0 dev
> vite


  [32m[1mVITE[22m v5.4.11[39m  [2mready in [0m[1m417[22m[2m[0m ms[22m

  [32m➜[39m  [1mLocal[22m:   [36mhttp://127.0.0.1:[1m5173[22m/[39m
[2m11:04:54[22m [36m[1m[vite][22m[39m [32mhmr update [39m[2m/src/styles.css[22m
[2m11:05:22[22m [36m[1m[vite][22m[39m [32mhmr update [39m[2m/src/App.jsx, /src/styles.css[22m
[2m11:39:40[22m [36m[1m[vite][22m[39m [32mhmr update [39m[2m/src/styles.css[22m
[2m11:39:53[22m [36m[1m[vite][22m[39m [32mhmr update [39m[2m/src/components/Header.jsx, /src/styles.css[22m
[2m11:40:06[22m [36m[1m[vite][22m[39m [32mhmr update [39m[2m/src/components/ProductSection.jsx, /src/styles.css[22m
[2m11:40:17[22m [36m[1m[vite][22m[39m [32mhmr update [39m[2m/src/components/WhyChooseUs.jsx, /src/styles.css[22m
[2m11:40:24[22m [36m[1m[vite][22m[39m [32mhmr update [39m[2m/src/components/Hero.jsx, /src/styles.css[22m
[2m11:40:31[22m [36m[1m[vite][22m[39m [32mhmr update [39m[2m/src/components/WhyChooseUs.jsx, /src/styles.css[22m
[2m11:40:44[22m [36m[1m[vite][22m[39m [32mhmr update [39m[2m/src/App.jsx, /src/styles.css[22m
[2m11:45:26[22m [36m[1m[vite][22m[39m [32mhmr update [39m[2m/src/components/WhyChooseUs.jsx, /src/styles.css[22m
[2m11:51:17[22m [36m[1m[vite][22m[39m [32mhmr update [39m[2m/src/components/Hero.jsx, /src/styles.css[22m
[2m11:52:30[22m [36m[1m[vite][22m[39m [32mhmr update [39m[2m/src/components/Hero.jsx, /src/styles.css[22m
[2m11:53:53[22m [36m[1m[vite][22m[39m [32mhmr update [39m[2m/src/components/Header.jsx, /src/styles.css[22m
[2m11:53:53[22m [36m[1m[vite][22m[39m [32mhmr update [39m[2m/src/App.jsx, /src/styles.css[22m
[2m11:54:04[22m [36m[1m[vite][22m[39m [32mhmr update [39m[2m/src/components/ProductSection.jsx, /src/styles.css[22m
[2m11:56:43[22m [36m[1m[vite][22m[39m [32mhmr update [39m[2m/src/App.jsx, /src/styles.css[22m
