
> ruima-bags@0.1.0 dev
> vite --port 5175 --host 127.0.0.1


  [32m[1mVITE[22m v5.4.11[39m  [2mready in [0m[1m1440[22m[2m[0m ms[22m

  [32m➜[39m  [1mLocal[22m:   [36mhttp://127.0.0.1:[1m5175[22m/[39m
[2m09:12:17[22m [36m[1m[vite][22m[39m [32mhmr update [39m[2m/src/styles.css[22m
[2m09:12:52[22m [36m[1m[vite][22m[39m [32mhmr update [39m[2m/src/App.jsx, /src/styles.css[22m
[2m09:15:28[22m [36m[1m[vite][22m[39m [32mhmr update [39m[2m/src/styles.css[22m
[2m09:17:01[22m [36m[1m[vite][22m[39m [32mhmr update [39m[2m/src/styles.css[22m
[2m09:17:08[22m [36m[1m[vite][22m[39m [32mhmr update [39m[2m/src/App.jsx, /src/styles.css[22m
[2m09:18:44[22m [36m[1m[vite][22m[39m [32mhmr update [39m[2m/src/App.jsx, /src/styles.css[22m
[2m09:19:02[22m [36m[1m[vite][22m[39m [32mhmr update [39m[2m/src/styles.css[22m
[2m09:25:21[22m [36m[1m[vite][22m[39m [32mhmr update [39m[2m/src/styles.css, /src/styles.css?direct[22m
[2m09:25:34[22m [36m[1m[vite][22m[39m [32mhmr update [39m[2m/src/components/LanguageStrip.jsx, /src/styles.css, /src/styles.css?direct[22m
[2m09:27:18[22m [36m[1m[vite][22m[39m [32mhmr update [39m[2m/src/components/LanguageStrip.jsx, /src/styles.css, /src/styles.css?direct[22m
[2m09:27:18[22m [36m[1m[vite][22m[39m [32mhmr update [39m[2m/src/styles.css, /src/styles.css?direct[22m
[2m09:28:45[22m [36m[1m[vite][22m[39m [32mhmr update [39m[2m/src/components/LanguageStrip.jsx, /src/styles.css, /src/styles.css?direct[22m
[2m09:30:08[22m [36m[1m[vite][22m[39m [32mhmr update [39m[2m/src/components/LanguageStrip.jsx, /src/styles.css, /src/styles.css?direct[22m
[2m09:30:08[22m [36m[1m[vite][22m[39m [32mhmr update [39m[2m/src/styles.css, /src/styles.css?direct[22m
[2m09:32:21[22m [36m[1m[vite][22m[39m [32mhmr update [39m[2m/src/styles.css, /src/styles.css?direct[22m
[2m09:32:21[22m [36m[1m[vite][22m[39m [32mhmr update [39m[2m/src/components/LanguageStrip.jsx, /src/styles.css, /src/styles.css?direct[22m
[2m09:35:43[22m [36m[1m[vite][22m[39m [32mhmr update [39m[2m/src/components/CustomizationService.jsx, /src/styles.css, /src/styles.css?direct[22m
[2m09:38:03[22m [36m[1m[vite][22m[39m [32mhmr update [39m[2m/src/components/ProductSection.jsx, /src/styles.css, /src/styles.css?direct[22m
[2m09:39:28[22m [36m[1m[vite][22m[39m [32mhmr update [39m[2m/src/components/ProductSection.jsx, /src/styles.css, /src/styles.css?direct[22m
[2m09:41:06[22m [36m[1m[vite][22m[39m [32mhmr update [39m[2m/src/components/ProductSection.jsx, /src/styles.css, /src/styles.css?direct[22m
[2m09:43:20[22m [36m[1m[vite][22m[39m [32mhmr update [39m[2m/src/components/ProductSection.jsx, /src/styles.css, /src/styles.css?direct[22m
[2m09:45:07[22m [36m[1m[vite][22m[39m [32mhmr update [39m[2m/src/components/ProductSection.jsx, /src/styles.css, /src/styles.css?direct[22m
[2m09:46:35[22m [36m[1m[vite][22m[39m [32mhmr update [39m[2m/src/components/ProductSection.jsx, /src/styles.css, /src/styles.css?direct[22m
[2m09:48:32[22m [36m[1m[vite][22m[39m [32mhmr update [39m[2m/src/components/ProductSection.jsx, /src/styles.css, /src/styles.css?direct[22m
[2m09:49:48[22m [36m[1m[vite][22m[39m [32mhmr update [39m[2m/src/components/ProductSection.jsx, /src/styles.css, /src/styles.css?direct[22m
[2m09:50:11[22m [36m[1m[vite][22m[39m [32mhmr update [39m[2m/src/App.jsx, /src/styles.css, /src/styles.css?direct[22m
[2m09:54:33[22m [36m[1m[vite][22m[39m [32mhmr update [39m[2m/src/styles.css, /src/styles.css?direct[22m
[2m09:54:52[22m [36m[1m[vite][22m[39m [32mhmr update [39m[2m/src/components/ProductSection.jsx, /src/styles.css, /src/styles.css?direct[22m
[2m09:58:19[22m [36m[1m[vite][22m[39m [32mhmr update [39m[2m/src/components/ProductSection.jsx, /src/styles.css, /src/styles.css?direct[22m
[2m09:59:56[22m [36m[1m[vite][22m[39m [32mhmr update [39m[2m/src/styles.css, /src/styles.css?direct[22m
[2m10:00:05[22m [36m[1m[vite][22m[39m [32mhmr update [39m[2m/src/components/LanguageStrip.jsx, /src/styles.css, /src/styles.css?direct[22m
[2m10:01:51[22m [36m[1m[vite][22m[39m [32mhmr update [39m[2m/src/styles.css, /src/styles.css?direct[22m
[2m10:02:03[22m [36m[1m[vite][22m[39m [32mhmr update [39m[2m/src/components/LanguageStrip.jsx, /src/styles.css, /src/styles.css?direct[22m
[2m10:06:59[22m [36m[1m[vite][22m[39m [32mhmr update [39m[2m/src/styles.css, /src/styles.css?direct[22m
[2m10:06:59[22m [36m[1m[vite][22m[39m [32mhmr update [39m[2m/src/components/LanguageStrip.jsx, /src/styles.css, /src/styles.css?direct[22m
[2m10:10:02[22m [36m[1m[vite][22m[39m [32mhmr update [39m[2m/src/styles.css, /src/styles.css?direct[22m
[2m10:10:20[22m [36m[1m[vite][22m[39m [32mhmr update [39m[2m/src/components/ProductSection.jsx, /src/styles.css, /src/styles.css?direct[22m
[2m10:13:17[22m [36m[1m[vite][22m[39m [32mhmr update [39m[2m/src/styles.css, /src/styles.css?direct[22m
[2m10:13:29[22m [36m[1m[vite][22m[39m [32mhmr update [39m[2m/src/components/LanguageStrip.jsx, /src/styles.css, /src/styles.css?direct[22m
[2m10:13:45[22m [36m[1m[vite][22m[39m [32mhmr update [39m[2m/src/components/ProductSection.jsx, /src/styles.css, /src/styles.css?direct[22m
[2m10:14:52[22m [36m[1m[vite][22m[39m [32mhmr update [39m[2m/src/styles.css, /src/styles.css?direct[22m
[2m10:14:52[22m [36m[1m[vite][22m[39m [32mhmr update [39m[2m/src/styles.css, /src/styles.css?direct[22m
[2m10:17:35[22m [36m[1m[vite][22m[39m [32mhmr update [39m[2m/src/App.jsx, /src/styles.css, /src/styles.css?direct[22m
[2m10:19:56[22m [36m[1m[vite][22m[39m [32mhmr update [39m[2m/src/components/ProductSection.jsx, /src/styles.css, /src/styles.css?direct[22m
[2m10:25:23[22m [36m[1m[vite][22m[39m [32mhmr update [39m[2m/src/App.jsx, /src/styles.css, /src/styles.css?direct[22m
[2m10:25:39[22m [36m[1m[vite][22m[39m [32mhmr update [39m[2m/src/components/ProductSection.jsx, /src/styles.css, /src/styles.css?direct[22m
[2m10:40:00[22m [36m[1m[vite][22m[39m [32mhmr update [39m[2m/src/styles.css, /src/styles.css?direct[22m
[2m10:40:35[22m [36m[1m[vite][22m[39m [32mhmr update [39m[2m/src/components/WhyChooseUs.jsx, /src/styles.css, /src/styles.css?direct[22m
[2m10:42:41[22m [36m[1m[vite][22m[39m [32mhmr update [39m[2m/src/styles.css, /src/styles.css?direct[22m
[2m10:54:20[22m [36m[1m[vite][22m[39m [32mhmr update [39m[2m/src/components/WhyChooseUs.jsx, /src/styles.css, /src/styles.css?direct[22m
[2m11:02:40[22m [36m[1m[vite][22m[39m [32mhmr update [39m[2m/src/styles.css, /src/styles.css?direct[22m
[2m11:03:23[22m [36m[1m[vite][22m[39m [32mhmr update [39m[2m/src/App.jsx, /src/styles.css, /src/styles.css?direct[22m
[2m11:07:54[22m [36m[1m[vite][22m[39m [32mhmr update [39m[2m/src/components/ProductionProcess.jsx, /src/styles.css[22m
[2m11:11:00[22m [36m[1m[vite][22m[39m [32mhmr update [39m[2m/src/components/ProductSection.jsx, /src/styles.css, /src/styles.css?direct[22m
[2m11:30:21[22m [36m[1m[vite][22m[39m [32mhmr update [39m[2m/src/components/WhyChooseUs.jsx, /src/styles.css, /src/styles.css?direct[22m
[2m11:33:12[22m [36m[1m[vite][22m[39m [32mhmr update [39m[2m/src/components/WhyChooseUs.jsx, /src/styles.css, /src/styles.css?direct[22m
[2m11:40:16[22m [36m[1m[vite][22m[39m [32mhmr update [39m[2m/src/App.jsx, /src/styles.css, /src/styles.css?direct[22m
[2m11:42:52[22m [36m[1m[vite][22m[39m [32mhmr update [39m[2m/src/components/Header.jsx, /src/styles.css, /src/styles.css?direct[22m
[2m11:52:19[22m [36m[1m[vite][22m[39m [32mhmr update [39m[2m/src/components/WhyChooseUs.jsx, /src/styles.css, /src/styles.css?direct[22m
[2m11:54:28[22m [36m[1m[vite][22m[39m [32mhmr update [39m[2m/src/components/WhyChooseUs.jsx, /src/styles.css, /src/styles.css?direct[22m
[2m11:54:42[22m [36m[1m[vite][22m[39m [32mhmr update [39m[2m/src/components/WhyChooseUs.jsx, /src/styles.css, /src/styles.css?direct[22m
[2m11:54:52[22m [36m[1m[vite][22m[39m [32mhmr update [39m[2m/src/components/WhyChooseUs.jsx, /src/styles.css, /src/styles.css?direct[22m
[2m11:55:54[22m [36m[1m[vite][22m[39m [32mhmr update [39m[2m/src/components/WhyChooseUs.jsx, /src/styles.css, /src/styles.css?direct[22m
